Listing 'backend/data_service'...
Listing 'backend/data_service/code_assets'...
Listing 'backend/data_service/code_assets/agent_memory_release'...
Listing 'backend/data_service/code_assets/agent_productization'...
Listing 'backend/data_service/code_assets/architecture'...
Listing 'backend/data_service/code_assets/architecture_intent'...
Listing 'backend/data_service/code_assets/automated_evidence_closure'...
Listing 'backend/data_service/code_assets/coding_agent'...
Listing 'backend/data_service/code_assets/coding_agent_navigation'...
Listing 'backend/data_service/code_assets/coding_agent_v2_16'...
Listing 'backend/data_service/code_assets/context'...
Listing 'backend/data_service/code_assets/devwiki'...
Listing 'backend/data_service/code_assets/doc_grounded_architecture'...
Listing 'backend/data_service/code_assets/external_e2e_portal_delivery'...
Listing 'backend/data_service/code_assets/graph'...
Listing 'backend/data_service/code_assets/human_agent_deepening'...
Listing 'backend/data_service/code_assets/platform'...
Listing 'backend/data_service/code_assets/project_acceptance_hardening'...
Listing 'backend/data_service/code_assets/quality'...
Listing 'backend/data_service/code_assets/real_acceptance_closure'...
Listing 'backend/data_service/code_assets/real_document_acceptance'...
Listing 'backend/data_service/code_assets/real_document_full_corpus_release'...
Listing 'backend/data_service/code_assets/stabilization_e2e_portal'...
Listing 'backend/data_service/research_notebook'...
Listing 'backend/data_service/research_notebook/artifacts'...
Listing 'backend/data_service/research_notebook/providers'...
Listing 'backend/app/api'...
Listing 'backend/app/api/v1'...
Listing 'backend/tests'...
Listing 'backend/tests/fixtures'...
Listing 'backend/tests/fixtures/research_notebook'...
Listing 'backend/tests/fixtures/research_notebook/document_units'...
Listing 'backend/tests/fixtures/research_notebook/evidence_spans'...
Listing 'backend/tests/fixtures/research_notebook/source_preview'...
